● Video  --vid=1               (h264 1920x1080 23.976 fps) [default]
● Audio  --aid=1  --alang=jpn  (aac 2ch 48000 Hz 135 kbps) [default]
AO: [pipewire] 48000Hz stereo 2ch floatp
VO: [gpu-next] 1920x1080 yuv420p
AV: 00:00:00 / 00:23:42 (0%) A-V:  0.000 Cache: 2.1s/700KB
AV: 00:00:00 / 00:23:42 (0%) A-V: -0.042 Cache: 2.1s/683KB
AV: 00:00:00 / 00:23:42 (0%) A-V: -0.042 Cache: 2.0s/672KB
AV: 00:00:00 / 00:23:42 (0%) A-V: -0.042 Cache: 2.0s/671KB
AV: 00:00:00 / 00:23:42 (0%) A-V: -0.042 Cache: 2.0s/668KB
AV: 00:00:00 / 00:23:42 (0%) A-V: -0.038 Cache: 2.0s/668KB
AV: 00:00:00 / 00:23:42 (0%) A-V: -0.034 Cache: 2.0s/658KB
AV: 00:00:00 / 00:23:42 (0%) A-V: -0.030 Cache: 2.0s/638KB
AV: 00:00:00 / 00:23:42 (0%) A-V: -0.027 Cache: 1.9s/627KB
AV: 00:00:00 / 00:23:42 (0%) A-V: -0.025 Cache: 1.9s/616KB
AV: 00:00:00 / 00:23:42 (0%) A-V: -0.022 Cache: 1.8s/595KB
AV: 00:00:00 / 00:23:42 (0%) A-V: -0.020 Cache: 1.8s/583KB
AV: 00:00:00 / 00:23:42 (0%) A-V: -0.018 Cache: 1.8s/571KB
AV: 00:00:00 / 00:23:42 (0%) A-V: -0.016 Cache: 1.7s/553KB
AV: 00:00:00 / 00:23:42 (0%) A-V: -0.015 Cache: 1.7s/542KB
AV: 00:00:00 / 00:23:42 (0%) A-V: -0.013 Cache: 1.6s/531KB
AV: 00:00:00 / 00:23:42 (0%) A-V: -0.012 Cache: 1.6s/514KB
AV: 00:00:00 / 00:23:42 (0%) A-V: -0.011 Cache: 1.5s/501KB
AV: 00:00:00 / 00:23:42 (0%) A-V: -0.010 Cache: 1.5s/492KB
AV: 00:00:00 / 00:23:42 (0%) A-V: -0.009 Cache: 1.5s/474KB
AV: 00:00:00 / 00:23:42 (0%) A-V: -0.008 Cache: 1.4s/461KB
AV: 00:00:00 / 00:23:42 (0%) A-V: -0.007 Cache: 1.4s/451KB
AV: 00:00:00 / 00:23:42 (0%) A-V: -0.006 Cache: 1.3s/434KB
AV: 00:00:00 / 00:23:42 (0%) A-V: -0.006 Cache: 1.3s/423KB
AV: 00:00:00 / 00:23:42 (0%) A-V: -0.005 Cache: 1.3s/413KB
AV: 00:00:00 / 00:23:42 (0%) A-V: -0.005 Cache: 1.2s/395KB
AV: 00:00:00 / 00:23:42 (0%) A-V: -0.004 Cache: 1.2s/383KB
AV: 00:00:01 / 00:23:42 (0%) A-V: -0.004 Cache: 1.1s/374KB
AV: 00:00:01 / 00:23:42 (0%) A-V: -0.003 Cache: 1.1s/357KB
AV: 00:00:01 / 00:23:42 (0%) A-V: -0.003 Cache: 1.0s/345KB
AV: 00:00:01 / 00:23:42 (0%) A-V: -0.003 Cache: 1.0s/335KB
AV: 00:00:01 / 00:23:42 (0%) A-V: -0.002 Cache: 1.0s/324KB
AV: 00:00:01 / 00:23:42 (0%) A-V: -0.002 Cache: 0.9s/317KB
AV: 00:00:01 / 00:23:42 (0%) A-V: -0.002 Cache: 0.9s/278KB
AV: 00:00:01 / 00:23:42 (0%) A-V: -0.002 Cache: 0.8s/261KB
AV: 00:00:01 / 00:23:42 (0%) A-V: -0.002 Cache: 0.8s/249KB
AV: 00:00:01 / 00:23:42 (0%) A-V: -0.001 Cache: 0.8s/239KB
AV: 00:00:01 / 00:23:42 (0%) A-V: -0.001 Cache: 0.7s/222KB
AV: 00:00:01 / 00:23:42 (0%) A-V: -0.001 Cache: 0.7s/210KB
AV: 00:00:01 / 00:23:42 (0%) A-V: -0.001 Cache: 0.6s/201KB
AV: 00:00:01 / 00:23:42 (0%) A-V: -0.001 Cache: 0.6s/184KB
AV: 00:00:01 / 00:23:42 (0%) A-V: -0.001 Cache: 0.5s/173KB
AV: 00:00:01 / 00:23:42 (0%) A-V: -0.001 Cache: 0.5s/162KB
AV: 00:00:01 / 00:23:42 (0%) A-V: -0.001 Cache: 0.5s/145KB
AV: 00:00:01 / 00:23:42 (0%) A-V: -0.001 Cache: 0.4s/134KB
AV: 00:00:01 / 00:23:42 (0%) A-V: -0.001 Cache: 0.4s/125KB
AV: 00:00:01 / 00:23:42 (0%) A-V: -0.000 Cache: 0.3s/109KB
AV: 00:00:01 / 00:23:42 (0%) A-V: -0.000 Cache: 0.3s/99KB
AV: 00:00:01 / 00:23:42 (0%) A-V: -0.000 Cache: 0.3s/89KB
AV: 00:00:01 / 00:23:42 (0%) A-V: -0.000 Cache: 0.2s/71KB
AV: 00:00:01 / 00:23:42 (0%) A-V: -0.000 Cache: 0.2s/60KB
AV: 00:00:02 / 00:23:42 (0%) A-V: -0.000 Cache: 0.1s/52KB
AV: 00:00:02 / 00:23:42 (0%) A-V: -0.000 Cache: 0.1s/32KB
AV: 00:00:02 / 00:23:42 (0%) A-V: -0.000 Cache: 0.0s/23KB
AV: 00:00:02 / 00:23:42 (0%) A-V: -0.000 Cache: 0.0s/15KB
AV: 00:00:02 / 00:23:42 (0%) A-V: -0.000 Cache: 0.0s/13KB
(Buffering) AV: 00:00:02 / 00:23:42 (0%) A-V: -0.000 Cache: 0.0s/12KB
AV: 00:00:07 / 00:23:42 (1%) A-V:  0.000 Cache: 0.0s
(...) AV: 00:00:07 / 00:23:42 (1%) A-V:  0.000 Cache: 0.0s
AV: 00:01:22 / 00:23:42 (6%) A-V:  0.000 Cache: 0.0s
(...) AV: 00:01:22 / 00:23:42 (6%) A-V:  0.000 Cache: 0.0s
[ffmpeg/demuxer] mov,mp4,m4a,3gp,3g2,mj2: Packet corrupt (stream = 0, dts = 69069).
(...) AV: 00:01:22 / 00:23:42 (6%) A-V:  0.000 Cache: 0.0s
[ffmpeg] NULL: Invalid NAL unit size (17942 > 15930).
(...) AV: 00:01:22 / 00:23:42 (6%) A-V:  0.000 Cache: 0.0s
[ffmpeg] NULL: missing picture in access unit with size 15934
(...) AV: 00:01:22 / 00:23:42 (6%) A-V:  0.000 Cache: 0.0s
Exiting... (Quit)
● Video  --vid=1               (h264 1920x1080 23.976 fps) [default]
● Audio  --aid=1  --alang=jpn  (aac 2ch 48000 Hz 135 kbps) [default]
AO: [pipewire] 48000Hz stereo 2ch floatp
VO: [gpu-next] 1920x1080 yuv420p
AV: 00:00:00 / 00:23:42 (0%) A-V:  0.000 Cache: 9.9s/2MB
AV: 00:00:00 / 00:23:42 (0%) A-V: -0.042 Cache: 9.9s/2MB
AV: 00:00:00 / 00:23:42 (0%) A-V: -0.042 Cache: 10s/2MB
AV: 00:00:00 / 00:23:42 (0%) A-V: -0.042 Cache: 11s/2MB
AV: 00:00:00 / 00:23:42 (0%) A-V: -0.042 Cache: 12s/3MB
AV: 00:00:00 / 00:23:42 (0%) A-V: -0.038 Cache: 13s/3MB
AV: 00:00:00 / 00:23:42 (0%) A-V: -0.034 Cache: 13s/3MB
AV: 00:00:00 / 00:23:42 (0%) A-V: -0.030 Cache: 15s/4MB
AV: 00:00:00 / 00:23:42 (0%) A-V: -0.027 Cache: 16s/4MB
AV: 00:00:00 / 00:23:42 (0%) A-V: -0.025 Cache: 17s/5MB
AV: 00:00:00 / 00:23:42 (0%) A-V: -0.022 Cache: 17s/5MB
AV: 00:00:00 / 00:23:42 (0%) A-V: -0.020 Cache: 18s/6MB
AV: 00:00:00 / 00:23:42 (0%) A-V: -0.018 Cache: 20s/6MB
AV: 00:00:00 / 00:23:42 (0%) A-V: -0.016 Cache: 21s/6MB
AV: 00:00:00 / 00:23:42 (0%) A-V: -0.015 Cache: 22s/7MB
AV: 00:00:00 / 00:23:42 (0%) A-V: -0.013 Cache: 23s/7MB
AV: 00:00:00 / 00:23:42 (0%) A-V: -0.012 Cache: 24s/8MB
AV: 00:00:00 / 00:23:42 (0%) A-V: -0.011 Cache: 25s/8MB
AV: 00:00:00 / 00:23:42 (0%) A-V: -0.010 Cache: 26s/9MB
AV: 00:00:00 / 00:23:42 (0%) A-V: -0.009 Cache: 26s/9MB
AV: 00:00:00 / 00:23:42 (0%) A-V: -0.008 Cache: 27s/9MB
AV: 00:00:00 / 00:23:42 (0%) A-V: -0.007 Cache: 29s/10MB
AV: 00:00:00 / 00:23:42 (0%) A-V: -0.006 Cache: 30s/10MB
AV: 00:00:00 / 00:23:42 (0%) A-V: -0.006 Cache: 31s/11MB
AV: 00:00:00 / 00:23:42 (0%) A-V: -0.005 Cache: 32s/11MB
AV: 00:00:00 / 00:23:42 (0%) A-V: -0.005 Cache: 32s/12MB
AV: 00:00:00 / 00:23:42 (0%) A-V: -0.004 Cache: 33s/12MB
AV: 00:00:01 / 00:23:42 (0%) A-V: -0.004 Cache: 34s/12MB
AV: 00:00:01 / 00:23:42 (0%) A-V: -0.003 Cache: 35s/13MB
AV: 00:00:01 / 00:23:42 (0%) A-V: -0.003 Cache: 37s/14MB
AV: 00:00:01 / 00:23:42 (0%) A-V: -0.003 Cache: 38s/14MB
AV: 00:00:01 / 00:23:42 (0%) A-V: -0.002 Cache: 39s/14MB
AV: 00:00:01 / 00:23:42 (0%) A-V: -0.002 Cache: 40s/15MB
AV: 00:00:01 / 00:23:42 (0%) A-V: -0.002 Cache: 41s/15MB
AV: 00:00:01 / 00:23:42 (0%) A-V: -0.002 Cache: 42s/16MB
AV: 00:00:01 / 00:23:42 (0%) A-V: -0.001 Cache: 47s/17MB
AV: 00:00:01 / 00:23:42 (0%) A-V: -0.001 Cache: 48s/18MB
AV: 00:00:01 / 00:23:42 (0%) A-V: -0.001 Cache: 49s/18MB
AV: 00:00:01 / 00:23:42 (0%) A-V: -0.001 Cache: 50s/19MB
AV: 00:00:01 / 00:23:42 (0%) A-V: -0.001 Cache: 51s/19MB
AV: 00:00:01 / 00:23:42 (0%) A-V: -0.001 Cache: 53s/20MB
AV: 00:00:01 / 00:23:42 (0%) A-V: -0.001 Cache: 55s/20MB
AV: 00:00:01 / 00:23:42 (0%) A-V: -0.001 Cache: 56s/21MB
AV: 00:00:01 / 00:23:42 (0%) A-V: -0.001 Cache: 58s/21MB
AV: 00:00:01 / 00:23:42 (0%) A-V: -0.001 Cache: 59s/22MB
AV: 00:00:01 / 00:23:42 (0%) A-V: -0.000 Cache: 61s/23MB
AV: 00:00:01 / 00:23:42 (0%) A-V: -0.000 Cache: 63s/23MB
AV: 00:00:01 / 00:23:42 (0%) A-V: -0.000 Cache: 67s/24MB
AV: 00:00:01 / 00:23:42 (0%) A-V: -0.000 Cache: 69s/25MB
AV: 00:00:01 / 00:23:42 (0%) A-V: -0.000 Cache: 73s/25MB
AV: 00:00:02 / 00:23:42 (0%) A-V: -0.000 Cache: 75s/26MB
AV: 00:00:02 / 00:23:42 (0%) A-V: -0.000 Cache: 77s/27MB
AV: 00:00:02 / 00:23:42 (0%) A-V: -0.000 Cache: 78s/27MB
AV: 00:00:02 / 00:23:42 (0%) A-V: -0.000 Cache: 81s/28MB
AV: 00:00:02 / 00:23:42 (0%) A-V: -0.000 Cache: 82s/29MB
AV: 00:00:02 / 00:23:42 (0%) A-V: -0.000 Cache: 83s/30MB
AV: 00:00:02 / 00:23:42 (0%) A-V: -0.000 Cache: 84s/30MB
AV: 00:00:02 / 00:23:42 (0%) A-V: -0.000 Cache: 85s/31MB
AV: 00:00:02 / 00:23:42 (0%) A-V: -0.000 Cache: 86s/32MB
AV: 00:00:02 / 00:23:42 (0%) A-V: -0.000 Cache: 87s/32MB
AV: 00:00:02 / 00:23:42 (0%) A-V: -0.000 Cache: 87s/33MB
AV: 00:00:02 / 00:23:42 (0%) A-V: -0.000 Cache: 88s/34MB
AV: 00:00:02 / 00:23:42 (0%) A-V: -0.000 Cache: 89s/34MB
AV: 00:00:02 / 00:23:42 (0%) A-V: -0.000 Cache: 90s/35MB
AV: 00:00:02 / 00:23:42 (0%) A-V: -0.000 Cache: 91s/36MB
AV: 00:00:02 / 00:23:42 (0%) A-V: -0.000 Cache: 93s/37MB
AV: 00:00:02 / 00:23:42 (0%) A-V: -0.000 Cache: 94s/38MB
AV: 00:00:02 / 00:23:42 (0%) A-V: -0.000 Cache: 96s/39MB
AV: 00:00:02 / 00:23:42 (0%) A-V: -0.000 Cache: 98s/40MB
AV: 00:00:02 / 00:23:42 (0%) A-V: -0.000 Cache: 101s/41MB
AV: 00:00:02 / 00:23:42 (0%) A-V: -0.000 Cache: 106s/41MB
AV: 00:00:02 / 00:23:42 (0%) A-V: -0.000 Cache: 116s/43MB
AV: 00:00:03 / 00:23:42 (0%) A-V: -0.000 Cache: 118s/43MB
AV: 00:00:03 / 00:23:42 (0%) A-V: -0.000 Cache: 123s/44MB
AV: 00:00:03 / 00:23:42 (0%) A-V: -0.000 Cache: 128s/45MB
AV: 00:00:03 / 00:23:42 (0%) A-V: -0.000 Cache: 133s/46MB
AV: 00:00:03 / 00:23:42 (0%) A-V: -0.000 Cache: 134s/47MB
AV: 00:00:03 / 00:23:42 (0%) A-V: -0.000 Cache: 135s/48MB
AV: 00:00:03 / 00:23:42 (0%) A-V: -0.000 Cache: 137s/49MB
AV: 00:00:03 / 00:23:42 (0%) A-V: -0.000 Cache: 139s/50MB
AV: 00:00:03 / 00:23:42 (0%) A-V: -0.000 Cache: 141s/50MB
AV: 00:00:03 / 00:23:42 (0%) A-V: -0.000 Cache: 143s/51MB
AV: 00:00:03 / 00:23:42 (0%) A-V: -0.000 Cache: 144s/52MB
AV: 00:00:03 / 00:23:42 (0%) A-V: -0.000 Cache: 145s/53MB
Exiting... (Quit)
● Video  --vid=1               (h264 1920x1080 23.976 fps) [default]
● Audio  --aid=1  --alang=jpn  (aac 2ch 48000 Hz 135 kbps) [default]
AO: [pipewire] 48000Hz stereo 2ch floatp
VO: [gpu-next] 1920x1080 yuv420p
AV: 00:00:00 / 00:23:42 (0%) A-V:  0.000 Cache: 11s/3MB
AV: 00:00:00 / 00:23:42 (0%) A-V: -0.042 Cache: 11s/3MB
AV: 00:00:00 / 00:23:42 (0%) A-V: -0.042 Cache: 12s/3MB
AV: 00:00:00 / 00:23:42 (0%) A-V: -0.042 Cache: 14s/4MB
AV: 00:00:00 / 00:23:42 (0%) A-V: -0.042 Cache: 16s/5MB
AV: 00:00:00 / 00:23:42 (0%) A-V: -0.038 Cache: 16s/5MB
AV: 00:00:00 / 00:23:42 (0%) A-V: -0.034 Cache: 17s/5MB
AV: 00:00:00 / 00:23:42 (0%) A-V: -0.030 Cache: 17s/5MB
AV: 00:00:00 / 00:23:42 (0%) A-V: -0.027 Cache: 17s/5MB
AV: 00:00:00 / 00:23:42 (0%) A-V: -0.025 Cache: 17s/5MB
AV: 00:00:00 / 00:23:42 (0%) A-V: -0.022 Cache: 23s/7MB
AV: 00:00:00 / 00:23:42 (0%) A-V: -0.020 Cache: 24s/7MB
AV: 00:00:00 / 00:23:42 (0%) A-V: -0.018 Cache: 25s/8MB
AV: 00:00:00 / 00:23:42 (0%) A-V: -0.016 Cache: 26s/9MB
AV: 00:00:00 / 00:23:42 (0%) A-V: -0.015 Cache: 27s/9MB
AV: 00:00:00 / 00:23:42 (0%) A-V: -0.013 Cache: 29s/10MB
AV: 00:00:00 / 00:23:42 (0%) A-V: -0.012 Cache: 31s/11MB
AV: 00:00:00 / 00:23:42 (0%) A-V: -0.011 Cache: 32s/11MB
AV: 00:00:00 / 00:23:42 (0%) A-V: -0.010 Cache: 33s/12MB
AV: 00:00:00 / 00:23:42 (0%) A-V: -0.009 Cache: 34s/12MB
AV: 00:00:00 / 00:23:42 (0%) A-V: -0.008 Cache: 36s/13MB
AV: 00:00:00 / 00:23:42 (0%) A-V: -0.007 Cache: 37s/14MB
AV: 00:00:00 / 00:23:42 (0%) A-V: -0.006 Cache: 37s/14MB
AV: 00:00:00 / 00:23:42 (0%) A-V: -0.006 Cache: 40s/15MB
AV: 00:00:00 / 00:23:42 (0%) A-V: -0.005 Cache: 42s/16MB
AV: 00:00:00 / 00:23:42 (0%) A-V: -0.004 Cache: 46s/17MB
AV: 00:00:01 / 00:23:42 (0%) A-V: -0.004 Cache: 48s/17MB
AV: 00:00:01 / 00:23:42 (0%) A-V: -0.003 Cache: 49s/18MB
AV: 00:00:01 / 00:23:42 (0%) A-V: -0.003 Cache: 50s/19MB
AV: 00:00:01 / 00:23:42 (0%) A-V: -0.003 Cache: 52s/19MB
AV: 00:00:01 / 00:23:42 (0%) A-V: -0.002 Cache: 54s/20MB
AV: 00:00:01 / 00:23:42 (0%) A-V: -0.002 Cache: 56s/21MB
AV: 00:00:01 / 00:23:42 (0%) A-V: -0.002 Cache: 58s/21MB
AV: 00:00:01 / 00:23:42 (0%) A-V: -0.002 Cache: 59s/22MB
AV: 00:00:01 / 00:23:42 (0%) A-V: -0.002 Cache: 61s/23MB
AV: 00:00:01 / 00:23:42 (0%) A-V: -0.001 Cache: 63s/23MB
AV: 00:00:01 / 00:23:42 (0%) A-V: -0.001 Cache: 67s/24MB
AV: 00:00:01 / 00:23:42 (0%) A-V: -0.001 Cache: 71s/25MB
AV: 00:00:01 / 00:23:42 (0%) A-V: -0.001 Cache: 74s/26MB
AV: 00:00:01 / 00:23:42 (0%) A-V: -0.001 Cache: 76s/26MB
AV: 00:00:01 / 00:23:42 (0%) A-V: -0.001 Cache: 78s/27MB
AV: 00:00:01 / 00:23:42 (0%) A-V: -0.001 Cache: 81s/28MB
AV: 00:00:01 / 00:23:42 (0%) A-V: -0.001 Cache: 82s/29MB
AV: 00:00:01 / 00:23:42 (0%) A-V: -0.001 Cache: 83s/29MB
AV: 00:00:01 / 00:23:42 (0%) A-V: -0.001 Cache: 84s/30MB
AV: 00:00:01 / 00:23:42 (0%) A-V: -0.000 Cache: 84s/31MB
AV: 00:00:01 / 00:23:42 (0%) A-V: -0.000 Cache: 86s/31MB
AV: 00:00:01 / 00:23:42 (0%) A-V: -0.000 Cache: 87s/32MB
AV: 00:00:01 / 00:23:42 (0%) A-V: -0.000 Cache: 88s/33MB
AV: 00:00:01 / 00:23:42 (0%) A-V: -0.000 Cache: 89s/34MB
AV: 00:00:02 / 00:23:42 (0%) A-V: -0.000 Cache: 90s/35MB
AV: 00:00:02 / 00:23:42 (0%) A-V: -0.000 Cache: 91s/35MB
AV: 00:00:02 / 00:23:42 (0%) A-V: -0.000 Cache: 92s/36MB
AV: 00:00:02 / 00:23:42 (0%) A-V: -0.000 Cache: 93s/37MB
AV: 00:00:02 / 00:23:42 (0%) A-V: -0.000 Cache: 95s/38MB
AV: 00:00:02 / 00:23:42 (0%) A-V: -0.000 Cache: 96s/38MB
AV: 00:00:02 / 00:23:42 (0%) A-V: -0.000 Cache: 96s/39MB
AV: 00:00:02 / 00:23:42 (0%) A-V: -0.000 Cache: 98s/39MB
AV: 00:00:02 / 00:23:42 (0%) A-V: -0.000 Cache: 99s/40MB
AV: 00:00:02 / 00:23:42 (0%) A-V: -0.000 Cache: 102s/41MB
AV: 00:00:02 / 00:23:42 (0%) A-V: -0.000 Cache: 106s/41MB
AV: 00:00:02 / 00:23:42 (0%) A-V: -0.000 Cache: 111s/42MB
AV: 00:00:02 / 00:23:42 (0%) A-V: -0.000 Cache: 114s/42MB
AV: 00:00:02 / 00:23:42 (0%) A-V: -0.000 Cache: 118s/43MB
AV: 00:00:02 / 00:23:42 (0%) A-V: -0.000 Cache: 122s/44MB
AV: 00:00:02 / 00:23:42 (0%) A-V: -0.000 Cache: 124s/44MB
Exiting... (Quit)
● Video  --vid=1               (h264 1920x1080 23.976 fps) [default]
● Audio  --aid=1  --alang=jpn  (aac 2ch 44100 Hz 129 kbps) [default]
AO: [pipewire] 44100Hz stereo 2ch floatp
VO: [gpu-next] 1920x1080 yuv420p
AV: 00:00:00 / 00:23:40 (0%) A-V: -0.001 Cache: 3.0s/897KB
AV: 00:00:00 / 00:23:40 (0%) A-V: -0.001 Cache: 4.9s/1MB
AV: 00:00:00 / 00:23:40 (0%) A-V: -0.001 Cache: 5.3s/1MB
AV: 00:00:00 / 00:23:40 (0%) A-V: -0.001 Cache: 6.4s/1MB
AV: 00:00:00 / 00:23:40 (0%) A-V: -0.001 Cache: 6.5s/1MB
AV: 00:00:00 / 00:23:40 (0%) A-V: -0.001 Cache: 7.2s/2MB
AV: 00:00:00 / 00:23:40 (0%) A-V: -0.001 Cache: 7.5s/2MB
AV: 00:00:00 / 00:23:40 (0%) A-V: -0.001 Cache: 7.7s/2MB
AV: 00:00:00 / 00:23:40 (0%) A-V: -0.001 Cache: 8.0s/2MB
AV: 00:00:00 / 00:23:40 (0%) A-V: -0.001 Cache: 8.3s/3MB
AV: 00:00:00 / 00:23:40 (0%) A-V: -0.000 Cache: 8.6s/3MB
AV: 00:00:00 / 00:23:40 (0%) A-V: -0.000 Cache: 9.1s/3MB
AV: 00:00:00 / 00:23:40 (0%) A-V: -0.000 Cache: 9.3s/3MB
AV: 00:00:00 / 00:23:40 (0%) A-V: -0.000 Cache: 9.7s/4MB
AV: 00:00:00 / 00:23:40 (0%) A-V: -0.000 Cache: 9.9s/4MB
AV: 00:00:00 / 00:23:40 (0%) A-V: -0.000 Cache: 10s/4MB
AV: 00:00:00 / 00:23:40 (0%) A-V: -0.000 Cache: 10s/5MB
AV: 00:00:00 / 00:23:40 (0%) A-V: -0.000 Cache: 11s/5MB
AV: 00:00:00 / 00:23:40 (0%) A-V: -0.000 Cache: 12s/5MB
AV: 00:00:00 / 00:23:40 (0%) A-V: -0.000 Cache: 12s/6MB
AV: 00:00:00 / 00:23:40 (0%) A-V: -0.000 Cache: 13s/6MB
AV: 00:00:00 / 00:23:40 (0%) A-V: -0.000 Cache: 14s/6MB
AV: 00:00:00 / 00:23:40 (0%) A-V: -0.000 Cache: 15s/7MB
AV: 00:00:00 / 00:23:40 (0%) A-V: -0.000 Cache: 16s/7MB
AV: 00:00:00 / 00:23:40 (0%) A-V: -0.000 Cache: 16s/8MB
AV: 00:00:01 / 00:23:40 (0%) A-V: -0.000 Cache: 17s/8MB
AV: 00:00:01 / 00:23:40 (0%) A-V: -0.000 Cache: 18s/8MB
AV: 00:00:01 / 00:23:40 (0%) A-V: -0.000 Cache: 18s/9MB
AV: 00:00:01 / 00:23:40 (0%) A-V: -0.000 Cache: 19s/9MB
AV: 00:00:01 / 00:23:40 (0%) A-V: -0.000 Cache: 20s/10MB
AV: 00:00:01 / 00:23:40 (0%) A-V: -0.000 Cache: 21s/10MB
AV: 00:00:01 / 00:23:40 (0%) A-V: -0.000 Cache: 22s/10MB
AV: 00:00:01 / 00:23:40 (0%) A-V: -0.000 Cache: 23s/11MB
AV: 00:00:01 / 00:23:40 (0%) A-V: -0.000 Cache: 23s/12MB
AV: 00:00:01 / 00:23:40 (0%) A-V: -0.000 Cache: 24s/12MB
AV: 00:00:01 / 00:23:40 (0%) A-V: -0.000 Cache: 25s/13MB
AV: 00:00:01 / 00:23:40 (0%) A-V: -0.000 Cache: 26s/14MB
AV: 00:00:01 / 00:23:40 (0%) A-V: -0.000 Cache: 26s/15MB
AV: 00:00:01 / 00:23:40 (0%) A-V: -0.000 Cache: 28s/15MB
AV: 00:00:01 / 00:23:40 (0%) A-V: -0.000 Cache: 30s/16MB
AV: 00:00:01 / 00:23:40 (0%) A-V: -0.000 Cache: 32s/17MB
AV: 00:00:01 / 00:23:40 (0%) A-V: -0.000 Cache: 32s/18MB
AV: 00:00:01 / 00:23:40 (0%) A-V: -0.000 Cache: 33s/18MB
AV: 00:00:01 / 00:23:40 (0%) A-V: -0.000 Cache: 33s/19MB
AV: 00:00:01 / 00:23:40 (0%) A-V: -0.000 Cache: 34s/19MB
AV: 00:00:02 / 00:23:40 (0%) A-V: -0.000 Cache: 35s/20MB
AV: 00:00:02 / 00:23:40 (0%) A-V: -0.000 Cache: 35s/21MB
AV: 00:00:02 / 00:23:40 (0%) A-V: -0.000 Cache: 36s/21MB
AV: 00:00:02 / 00:23:40 (0%) A-V: -0.000 Cache: 37s/22MB
AV: 00:00:02 / 00:23:40 (0%) A-V: -0.000 Cache: 38s/23MB
AV: 00:00:02 / 00:23:40 (0%) A-V:  0.000 Cache: 44s/23MB
AV: 00:00:02 / 00:23:40 (0%) A-V:  0.000 Cache: 49s/24MB
AV: 00:00:02 / 00:23:40 (0%) A-V:  0.000 Cache: 55s/25MB
AV: 00:00:02 / 00:23:40 (0%) A-V:  0.000 Cache: 59s/26MB
AV: 00:00:02 / 00:23:40 (0%) A-V:  0.000 Cache: 65s/27MB
AV: 00:00:02 / 00:23:40 (0%) A-V:  0.000 Cache: 73s/28MB
AV: 00:00:02 / 00:23:40 (0%) A-V:  0.000 Cache: 81s/29MB
AV: 00:00:02 / 00:23:40 (0%) A-V:  0.000 Cache: 82s/30MB
AV: 00:00:02 / 00:23:40 (0%) A-V:  0.000 Cache: 82s/31MB
AV: 00:00:02 / 00:23:40 (0%) A-V:  0.000 Cache: 83s/31MB
AV: 00:00:02 / 00:23:40 (0%) A-V:  0.000 Cache: 84s/32MB
AV: 00:00:02 / 00:23:40 (0%) A-V:  0.000 Cache: 85s/33MB
AV: 00:00:02 / 00:23:40 (0%) A-V:  0.000 Cache: 88s/34MB
AV: 00:00:02 / 00:23:40 (0%) A-V:  0.000 Cache: 94s/35MB
AV: 00:00:02 / 00:23:40 (0%) A-V:  0.000 Cache: 104s/37MB
AV: 00:00:02 / 00:23:40 (0%) A-V:  0.000 Cache: 111s/38MB
AV: 00:00:02 / 00:23:40 (0%) A-V:  0.000 Cache: 123s/39MB
AV: 00:00:02 / 00:23:40 (0%) A-V:  0.000 Cache: 128s/41MB
AV: 00:00:02 / 00:23:40 (0%) A-V:  0.000 Cache: 130s/42MB
AV: 00:00:03 / 00:23:40 (0%) A-V:  0.000 Cache: 143s/43MB
AV: 00:00:03 / 00:23:40 (0%) A-V:  0.000 Cache: 151s/45MB
AV: 00:00:03 / 00:23:40 (0%) A-V:  0.000 Cache: 156s/46MB
AV: 00:00:03 / 00:23:40 (0%) A-V:  0.000 Cache: 160s/47MB
AV: 00:00:03 / 00:23:40 (0%) A-V:  0.000 Cache: 169s/49MB
AV: 00:00:03 / 00:23:40 (0%) A-V:  0.000 Cache: 175s/50MB
AV: 00:00:03 / 00:23:40 (0%) A-V:  0.000 Cache: 180s/52MB
AV: 00:00:03 / 00:23:40 (0%) A-V:  0.000 Cache: 183s/53MB
AV: 00:00:03 / 00:23:40 (0%) A-V:  0.000 Cache: 197s/54MB
AV: 00:00:03 / 00:23:40 (0%) A-V:  0.000 Cache: 201s/56MB
AV: 00:00:03 / 00:23:40 (0%) A-V:  0.000 Cache: 204s/57MB
AV: 00:00:03 / 00:23:40 (0%) A-V:  0.000 Cache: 209s/59MB
AV: 00:00:03 / 00:23:40 (0%) A-V:  0.000 Cache: 224s/60MB
AV: 00:00:03 / 00:23:40 (0%) A-V:  0.000 Cache: 232s/62MB
AV: 00:00:03 / 00:23:40 (0%) A-V:  0.000 Cache: 247s/64MB
AV: 00:00:03 / 00:23:40 (0%) A-V:  0.000 Cache: 265s/66MB
AV: 00:00:03 / 00:23:40 (0%) A-V:  0.000 Cache: 273s/68MB
AV: 00:00:03 / 00:23:40 (0%) A-V:  0.000 Cache: 276s/69MB
AV: 00:00:03 / 00:23:40 (0%) A-V:  0.000 Cache: 285s/71MB
AV: 00:00:03 / 00:23:40 (0%) A-V:  0.000 Cache: 303s/73MB
AV: 00:00:03 / 00:23:40 (0%) A-V:  0.000 Cache: 316s/75MB
AV: 00:00:03 / 00:23:40 (0%) A-V:  0.000 Cache: 332s/77MB
AV: 00:00:03 / 00:23:40 (0%) A-V:  0.000 Cache: 343s/79MB
AV: 00:00:03 / 00:23:40 (0%) A-V:  0.000 Cache: 353s/81MB
AV: 00:00:04 / 00:23:40 (0%) A-V:  0.000 Cache: 365s/83MB
AV: 00:00:04 / 00:23:40 (0%) A-V:  0.000 Cache: 373s/85MB
AV: 00:00:04 / 00:23:40 (0%) A-V:  0.000 Cache: 380s/87MB
AV: 00:00:04 / 00:23:40 (0%) A-V:  0.000 Cache: 402s/89MB
AV: 00:00:04 / 00:23:40 (0%) A-V:  0.000 Cache: 407s/91MB
AV: 00:00:04 / 00:23:40 (0%) A-V:  0.000 Cache: 424s/94MB
AV: 00:00:04 / 00:23:40 (0%) A-V:  0.000 Cache: 439s/96MB
AV: 00:00:04 / 00:23:40 (0%) A-V:  0.000 Cache: 459s/98MB
AV: 00:00:04 / 00:23:40 (0%) A-V:  0.000 Cache: 475s/101MB
AV: 00:00:04 / 00:23:40 (0%) A-V:  0.000 Cache: 496s/103MB
AV: 00:00:04 / 00:23:40 (0%) A-V:  0.000 Cache: 513s/106MB
AV: 00:00:04 / 00:23:40 (0%) A-V:  0.000 Cache: 525s/108MB
AV: 00:00:04 / 00:23:40 (0%) A-V:  0.000 Cache: 536s/110MB
AV: 00:00:04 / 00:23:40 (0%) A-V:  0.000 Cache: 537s/112MB
AV: 00:00:04 / 00:23:40 (0%) A-V:  0.000 Cache: 543s/114MB
AV: 00:00:04 / 00:23:40 (0%) A-V:  0.000 Cache: 550s/117MB
AV: 00:00:04 / 00:23:40 (0%) A-V:  0.000 Cache: 554s/119MB
AV: 00:00:04 / 00:23:40 (0%) A-V:  0.000 Cache: 554s/120MB
AV: 00:00:04 / 00:23:40 (0%) A-V:  0.000 Cache: 555s/121MB
AV: 00:00:04 / 00:23:40 (0%) A-V:  0.000 Cache: 557s/123MB
AV: 00:00:05 / 00:23:40 (0%) A-V:  0.000 Cache: 557s/122MB
AV: 00:00:05 / 00:23:40 (0%) A-V:  0.000 Cache: 557s/123MB
AV: 00:00:05 / 00:23:40 (0%) A-V:  0.000 Cache: 558s/124MB
AV: 00:00:05 / 00:23:40 (0%) A-V:  0.000 Cache: 559s/124MB
AV: 00:00:05 / 00:23:40 (0%) A-V:  0.000 Cache: 563s/127MB
AV: 00:00:05 / 00:23:40 (0%) A-V:  0.000 Cache: 564s/128MB
AV: 00:00:05 / 00:23:40 (0%) A-V:  0.000 Cache: 565s/130MB
AV: 00:00:05 / 00:23:40 (0%) A-V:  0.000 Cache: 566s/131MB
AV: 00:00:05 / 00:23:40 (0%) A-V:  0.000 Cache: 572s/132MB
AV: 00:00:05 / 00:23:40 (0%) A-V:  0.000 Cache: 581s/134MB
AV: 00:00:05 / 00:23:40 (0%) A-V:  0.000 Cache: 580s/134MB
AV: 00:00:05 / 00:23:40 (0%) A-V:  0.000 Cache: 581s/134MB
AV: 00:00:06 / 00:23:40 (0%) A-V:  0.000 Cache: 581s/134MB
AV: 00:00:06 / 00:23:40 (0%) A-V:  0.000 Cache: 582s/134MB
AV: 00:00:06 / 00:23:40 (0%) A-V:  0.000 Cache: 613s/139MB
AV: 00:00:06 / 00:23:40 (0%) A-V:  0.000 Cache: 617s/139MB
AV: 00:00:06 / 00:23:40 (0%) A-V:  0.000 Cache: 618s/139MB
AV: 00:00:06 / 00:23:40 (0%) A-V:  0.000 Cache: 628s/142MB
AV: 00:00:06 / 00:23:40 (0%) A-V:  0.000 Cache: 629s/142MB
AV: 00:00:06 / 00:23:40 (0%) A-V:  0.000 Cache: 647s/144MB
AV: 00:00:06 / 00:23:40 (0%) A-V:  0.000 Cache: 661s/146MB
AV: 00:02:52 / 00:23:40 (12%) A-V:  0.000 Cache: 495s/98MB
AV: 00:02:52 / 00:23:40 (12%) A-V: -0.000 Cache: 495s/98MB
AV: 00:02:52 / 00:23:40 (12%) A-V:  0.001 Cache: 495s/98MB
AV: 00:02:53 / 00:23:40 (12%) A-V: -0.001 Cache: 495s/98MB
AV: 00:02:53 / 00:23:40 (12%) A-V: -0.000 Cache: 514s/100MB
AV: 00:02:53 / 00:23:40 (12%) A-V: -0.000 Cache: 517s/102MB
AV: 00:02:53 / 00:23:40 (12%) A-V: -0.000 Cache: 521s/103MB
AV: 00:02:53 / 00:23:40 (12%) A-V: -0.000 Cache: 535s/105MB
AV: 00:02:53 / 00:23:40 (12%) A-V: -0.000 Cache: 553s/107MB
AV: 00:02:53 / 00:23:40 (12%) A-V: -0.000 Cache: 566s/109MB
AV: 00:02:53 / 00:23:40 (12%) A-V:  0.001 Cache: 576s/111MB
AV: 00:02:53 / 00:23:40 (12%) A-V:  0.001 Cache: 588s/113MB
Exiting... (Quit)
● Video  --vid=1  (h264 1920x1080 23.976 fps) [default]
● Audio  --aid=1  (aac 2ch 44100 Hz 128 kbps) [default]
AO: [pipewire] 44100Hz stereo 2ch floatp
VO: [gpu-next] 1920x1080 yuv420p
AV: 00:00:00 / 00:23:40 (0%) A-V: -0.000 Cache: 14s/6MB
AV: 00:00:00 / 00:23:40 (0%) A-V: -0.000 Cache: 16s/7MB
AV: 00:00:00 / 00:23:40 (0%) A-V: -0.000 Cache: 20s/9MB
AV: 00:00:00 / 00:23:40 (0%) A-V: -0.000 Cache: 21s/10MB
AV: 00:00:00 / 00:23:40 (0%) A-V:  0.000 Cache: 21s/10MB
AV: 00:00:00 / 00:23:40 (0%) A-V:  0.000 Cache: 23s/11MB
AV: 00:00:00 / 00:23:40 (0%) A-V:  0.000 Cache: 25s/12MB
AV: 00:00:00 / 00:23:40 (0%) A-V:  0.000 Cache: 27s/13MB
AV: 00:00:00 / 00:23:40 (0%) A-V:  0.000 Cache: 28s/13MB
AV: 00:00:00 / 00:23:40 (0%) A-V:  0.000 Cache: 34s/15MB
AV: 00:00:00 / 00:23:40 (0%) A-V:  0.000 Cache: 38s/16MB
AV: 00:00:00 / 00:23:40 (0%) A-V:  0.000 Cache: 41s/17MB
AV: 00:00:00 / 00:23:40 (0%) A-V:  0.000 Cache: 42s/17MB
AV: 00:00:00 / 00:23:40 (0%) A-V:  0.000 Cache: 46s/19MB
AV: 00:00:00 / 00:23:40 (0%) A-V:  0.000 Cache: 48s/19MB
AV: 00:00:00 / 00:23:40 (0%) A-V:  0.000 Cache: 52s/20MB
AV: 00:00:00 / 00:23:40 (0%) A-V:  0.000 Cache: 60s/22MB
AV: 00:00:00 / 00:23:40 (0%) A-V:  0.000 Cache: 64s/23MB
AV: 00:00:00 / 00:23:40 (0%) A-V:  0.000 Cache: 69s/25MB
AV: 00:00:00 / 00:23:40 (0%) A-V:  0.000 Cache: 73s/26MB
AV: 00:00:00 / 00:23:40 (0%) A-V:  0.000 Cache: 75s/27MB
AV: 00:00:00 / 00:23:40 (0%) A-V:  0.000 Cache: 80s/28MB
AV: 00:00:00 / 00:23:40 (0%) A-V:  0.000 Cache: 85s/29MB
AV: 00:00:00 / 00:23:40 (0%) A-V:  0.000 Cache: 89s/30MB
AV: 00:00:00 / 00:23:40 (0%) A-V:  0.000 Cache: 90s/31MB
AV: 00:00:00 / 00:23:40 (0%) A-V:  0.000 Cache: 92s/32MB
AV: 00:00:00 / 00:23:40 (0%) A-V:  0.000 Cache: 93s/33MB
AV: 00:00:01 / 00:23:40 (0%) A-V:  0.000 Cache: 99s/35MB
AV: 00:00:01 / 00:23:40 (0%) A-V:  0.000 Cache: 102s/36MB
AV: 00:00:01 / 00:23:40 (0%) A-V:  0.000 Cache: 103s/37MB
AV: 00:00:01 / 00:23:40 (0%) A-V:  0.000 Cache: 105s/38MB
AV: 00:00:01 / 00:23:40 (0%) A-V:  0.000 Cache: 107s/39MB
AV: 00:00:01 / 00:23:40 (0%) A-V:  0.000 Cache: 110s/41MB
AV: 00:00:01 / 00:23:40 (0%) A-V:  0.000 Cache: 112s/42MB
AV: 00:00:01 / 00:23:40 (0%) A-V:  0.000 Cache: 116s/43MB
AV: 00:00:01 / 00:23:40 (0%) A-V:  0.000 Cache: 118s/44MB
AV: 00:00:01 / 00:23:40 (0%) A-V:  0.000 Cache: 121s/46MB
AV: 00:00:01 / 00:23:40 (0%) A-V:  0.000 Cache: 122s/47MB
AV: 00:00:01 / 00:23:40 (0%) A-V:  0.000 Cache: 123s/48MB
AV: 00:00:01 / 00:23:40 (0%) A-V:  0.000 Cache: 125s/49MB
AV: 00:00:01 / 00:23:40 (0%) A-V:  0.000 Cache: 127s/50MB
AV: 00:00:01 / 00:23:40 (0%) A-V:  0.000 Cache: 128s/51MB
AV: 00:00:01 / 00:23:40 (0%) A-V:  0.000 Cache: 130s/53MB
AV: 00:00:01 / 00:23:40 (0%) A-V:  0.000 Cache: 131s/54MB
AV: 00:00:01 / 00:23:40 (0%) A-V:  0.000 Cache: 133s/55MB
AV: 00:00:01 / 00:23:40 (0%) A-V:  0.000 Cache: 135s/57MB
Exiting... (Quit)
